MariaDB [1bd3e0294d]> select * from `GL Entry` where account like "%taff arua w/hse shp%";
ERROR 1146 (42S02): Table '1bd3e0294d.GL Entry' doesn't exist
MariaDB [1bd3e0294d]> select * from `tabGL Entry` where account like "%taff arua w/hse shp%";
+-----------+----------------------------+----------------------------+---------------------+---------------------+-----------+--------+-------------+------------+-----+-------------+------------+-------------+----------+------------+------------------+-----------------+-------+-----------+----------------------+---------+--------------+-----------+------------+----------------------------+------------------+---------------------------+------------+----------------------------------+----------------------+---------------------------+-----------------+------------+--------------+----------------------------+
| name      | creation                   | modified                   | modified_by         | owner               | docstatus | parent | parentfield | parenttype | idx | fiscal_year | voucher_no | cost_center | credit   | party_type | transaction_date | debit           | party | _liked_by | company              | _assign | voucher_type | _comments | is_advance | remarks                    | account_currency | debit_in_account_currency | _user_tags | account                          | against_voucher_type | against                   | against_voucher | is_opening | posting_date | credit_in_account_currency |
+-----------+----------------------------+----------------------------+---------------------+---------------------+-----------+--------+-------------+------------+-----+-------------+------------+-------------+----------+------------+------------------+-----------------+-------+-----------+----------------------+---------+--------------+-----------+------------+----------------------------+------------------+---------------------------+------------+----------------------------------+----------------------+---------------------------+-----------------+------------+--------------+----------------------------+
| GL1363447 | 2018-10-30 18:05:37.305275 | 2018-10-30 18:05:37.310813 | cpustores@gmail.com | cpustores@gmail.com |         1 | NULL   | NULL        | NULL       |   0 | 2018        | STE-04652  | NULL        | 0.000000 | NULL       | NULL             | 68941000.000000 | NULL  | NULL      | SUPERTEX APA CO. LTD | NULL    | Stock Entry  | NULL      | No         | Accounting Entry for Stock | UGX              |           68941000.000000 | NULL       | Taff Arua W/Hse Shp- SACL - SACL | NULL                 | Cost of Goods Sold - SACL | NULL            | No         | 2018-10-30   |                   0.000000 |
+-----------+----------------------------+----------------------------+---------------------+---------------------+-----------+--------+-------------+------------+-----+-------------+------------+-------------+----------+------------+------------------+-----------------+-------+-----------+----------------------+---------+--------------+-----------+------------+----------------------------+------------------+---------------------------+------------+----------------------------------+----------------------+---------------------------+-----------------+------------+--------------+----------------------------+
1 row in set (4.70 sec)

MariaDB [1bd3e0294d]> update `tabGL Entry` set debit_in_account_currency=0 where name=GL1363447
    -> ;
ERROR 1054 (42S22): Unknown column 'GL1363447' in 'where clause'
MariaDB [1bd3e0294d]> update `tabGL Entry` set debit_in_account_currency=0 where name="GL1363447";
Query OK, 1 row affected (0.01 sec)
Rows matched: 1  Changed: 1  Warnings: 0

MariaDB [1bd3e0294d]> select * from `tabGL Entry` where account like "%taff arua w/hse shp%";
+-----------+----------------------------+----------------------------+---------------------+---------------------+-----------+--------+-------------+------------+-----+-------------+------------+-------------+----------+------------+------------------+-----------------+-------+-----------+----------------------+---------+--------------+-----------+------------+----------------------------+------------------+---------------------------+------------+----------------------------------+----------------------+---------------------------+-----------------+------------+--------------+----------------------------+
| name      | creation                   | modified                   | modified_by         | owner               | docstatus | parent | parentfield | parenttype | idx | fiscal_year | voucher_no | cost_center | credit   | party_type | transaction_date | debit           | party | _liked_by | company              | _assign | voucher_type | _comments | is_advance | remarks                    | account_currency | debit_in_account_currency | _user_tags | account                          | against_voucher_type | against                   | against_voucher | is_opening | posting_date | credit_in_account_currency |
+-----------+----------------------------+----------------------------+---------------------+---------------------+-----------+--------+-------------+------------+-----+-------------+------------+-------------+----------+------------+------------------+-----------------+-------+-----------+----------------------+---------+--------------+-----------+------------+----------------------------+------------------+---------------------------+------------+----------------------------------+----------------------+---------------------------+-----------------+------------+--------------+----------------------------+
| GL1363447 | 2018-10-30 18:05:37.305275 | 2018-10-30 18:05:37.310813 | cpustores@gmail.com | cpustores@gmail.com |         1 | NULL   | NULL        | NULL       |   0 | 2018        | STE-04652  | NULL        | 0.000000 | NULL       | NULL             | 68941000.000000 | NULL  | NULL      | SUPERTEX APA CO. LTD | NULL    | Stock Entry  | NULL      | No         | Accounting Entry for Stock | UGX              |                  0.000000 | NULL       | Taff Arua W/Hse Shp- SACL - SACL | NULL                 | Cost of Goods Sold - SACL | NULL            | No         | 2018-10-30   |                   0.000000 |
+-----------+----------------------------+----------------------------+---------------------+---------------------+-----------+--------+-------------+------------+-----+-------------+------------+-------------+----------+------------+------------------+-----------------+-------+-----------+----------------------+---------+--------------+-----------+------------+----------------------------+------------------+---------------------------+------------+----------------------------------+----------------------+---------------------------+-----------------+------------+--------------+----------------------------+
1 row in set (1.04 sec)

MariaDB [1bd3e0294d]> update `tabGL Entry` set debit=0 where name="GL1363447";
Query OK, 1 row affected (0.01 sec)
Rows matched: 1  Changed: 1  Warnings: 0

MariaDB [1bd3e0294d]> update `tabGL Entry` set debit=68941000.000000 where name="GL1363447";
Query OK, 1 row affected (0.00 sec)
Rows matched: 1  Changed: 1  Warnings: 0

MariaDB [1bd3e0294d]> update `tabGL Entry` set debit=0 where name="GL1363447";
Query OK, 1 row affected (0.01 sec)
Rows matched: 1  Changed: 1  Warnings: 0

MariaDB [1bd3e0294d]> update `tabGL Entry` set debit=68941000.000000 where name="GL1363447";
Query OK, 1 row affected (0.00 sec)
Rows matched: 1  Changed: 1  Warnings: 0
